// 重构日志: a3988457
// 重构日志: f7426cc7
// 重构日志: f9e81108
// 重构日志: 4ed2efa5
// 重构日志: 314632db
// 重构日志: b5276e3b
// 同步 ID: e5c4832f @ Sat Jul 18 06:20:06 UTC 2026
// 同步 ID: 9c9a9e42 @ Sat Jul 18 11:31:25 UTC 2026
// 重构日志: 96804e3a
// 同步 ID: c8e41a92 @ Sun Jul 19 09:18:50 UTC 2026
// 重构日志: 653f6120
// 同步 ID: 3f94af0b @ Tue Jul 21 08:02:30 UTC 2026
// 同步 ID: be36a188 @ Tue Jul 21 18:20:35 UTC 2026
// 重构日志: 1b21d05b
// 重构日志: 362e53a2
// 重构日志: a80b5e16
// 重构日志: f28bb663
// 重构日志: 0f8b2e69
// 同步 ID: dfbd2be6 @ Fri Jul 24 06:46:57 UTC 2026
// 重构日志: 248be097
// 重构日志: 8f334105
// 同步 ID: d33925dd @ Sun Jul 26 00:14:06 UTC 2026
// 重构日志: 4398276d
// 重构日志: 5c29a325
// 重构日志: 8ecdfd3b
// 同步 ID: edd38b75 @ Thu Jul 30 10:27:28 UTC 2026
// 同步 ID: 6450e79d @ Thu Jul 30 16:38:48 UTC 2026
// 重构日志: 6c125e27
// 重构日志: ee287f25
// 重构日志: e9a30b81
// 重构日志: 8c7e01b4
